// Jest Snapshot v1, https://goo.gl/fbAQLP

exports[`ErrorField renders 1`] = `
<DocumentFragment>
  .c0 {
  display: block;
  font-size: 0.7rem;
  color: hsl(354,83%,64%);
}

<span
    class="c0 error-field"
    color="danger"
  >
    operation failed.
  </span>
</DocumentFragment>
`;
