// Jest Snapshot v1, https://goo.gl/fbAQLP

exports[`TextField renders 1`] = `
<DocumentFragment>
  .c0 {
  border-width: 0 0 0.0625rem 0;
  border-style: solid;
  border-color: #939393;
  border-radius: 0;
  height: 2.5rem;
  padding: 0;
  font-family: inherit;
  font-size: 1rem;
  -webkit-transition-duration: 0.3s;
  transition-duration: 0.3s;
}

.c0:focus {
  border-color: #4329a6;
  outline: none;
}

.c0:disabled {
  background-color: #c4c7d3;
  color: #939393;
}

.c0:invalid {
  border-color: #ef5766;
  outline: none;
  box-shadow: none;
  -webkit-box-shadow: none;
  -moz-box-shadow: none;
}

.c0:required {
  border-color: #939393;
}

.c0::-webkit-input-placeholder {
  color: #939393;
  opacity: 1;
}

.c0::-moz-placeholder {
  color: #939393;
  opacity: 1;
}

.c0:-ms-input-placeholder {
  color: #939393;
  opacity: 1;
}

.c0::placeholder {
  color: #939393;
  opacity: 1;
}

.c0:-ms-input-placeholder {
  color: #939393;
  opacity: 1;
}

.c0::-ms-input-placeholder {
  color: #939393;
  opacity: 1;
}

<input
    class="c0 text-field"
    placeholder=""
    type="text"
    value="this is my text"
  />
</DocumentFragment>
`;
