// Jest Snapshot v1, https://goo.gl/fbAQLP

exports[`Modal renders 1`] = `<DocumentFragment />`;
