// Jest Snapshot v1, https://goo.gl/fbAQLP

exports[`Tag renders 1`] = `
<DocumentFragment>
  <span
    class="sc-jSgupP iIWTSr"
    color="danger"
  >
    hello
  </span>
</DocumentFragment>
`;
