// Jest Snapshot v1, https://goo.gl/fbAQLP

exports[`ErrorField renders 1`] = `
<DocumentFragment>
  <span
    class="sc-fubCfw laRIMs"
    color="danger"
  >
    operation failed.
  </span>
</DocumentFragment>
`;
