// Jest Snapshot v1, https://goo.gl/fbAQLP

exports[`TextField renders 1`] = `
<DocumentFragment>
  <input
    class="sc-iBPRYJ fUkShs"
    placeholder=""
    type="text"
    value="this is my text"
  />
</DocumentFragment>
`;
