// Jest Snapshot v1, https://goo.gl/fbAQLP

exports[`GridContainer renders 1`] = `
<DocumentFragment>
  .c0 {
  display: -webkit-box;
  display: -webkit-flex;
  display: -ms-flexbox;
  display: flex;
  -webkit-flex-direction: column;
  -ms-flex-direction: column;
  flex-direction: column;
}

@media (min-width:900px) {
  .c1 {
    display: -webkit-box;
    display: -webkit-flex;
    display: -ms-flexbox;
    display: flex;
  }
}

@media (min-width:900px) {
  .c2 {
    -webkit-flex: 1;
    -ms-flex: 1;
    flex: 1;
  }
}

@media (min-width:900px) {
  .c3 {
    -webkit-flex: 2;
    -ms-flex: 2;
    flex: 2;
  }
}

<div
    class="c0 grid-container"
  >
    <div
      class="c1 grid-row"
    >
      <div
        class="c2 grid-col"
        size="1"
      >
        Col 1
      </div>
      <div
        class="c2 grid-col"
        size="1"
      >
        Col 2
      </div>
      <div
        class="c3 grid-col"
        size="2"
      >
        Col 3
      </div>
    </div>
    <div
      class="c1 grid-row"
    >
      <div
        class="c2 grid-col"
        size="1"
      >
        Col 1
      </div>
      <div
        class="c2 grid-col"
        size="1"
      >
        Col 2
      </div>
    </div>
  </div>
</DocumentFragment>
`;
