// Jest Snapshot v1, https://goo.gl/fbAQLP

exports[`VideoPlayer renders 1`] = `
<DocumentFragment>
  .c0 {
  position: relative;
  padding-top: 56.25%;
}

<div
    class="c0"
  >
    <div
      style="position: absolute; top: 0px; left: 0px; width: 100%; height: 100%;"
    />
  </div>
</DocumentFragment>
`;
