// Jest Snapshot v1, https://goo.gl/fbAQLP

exports[`ModalDrawer renders 1`] = `<DocumentFragment />`;
