// Jest Snapshot v1, https://goo.gl/fbAQLP

exports[`Avatar renders 1`] = `
<DocumentFragment>
  <img
    alt="avatar alt"
    class="sc-bdfBwQ eWkXDZ tk-avatar"
    src="/dummy.png"
  />
</DocumentFragment>
`;
