// Jest Snapshot v1, https://goo.gl/fbAQLP

exports[`Table renders 1`] = `
<DocumentFragment>
  <table
    class="sc-dmlrTW hBKmSL table"
    data-testid="table-test-id"
  >
    <thead>
      <tr>
        <th
          class="avatar"
        >
          Last Transaction
        </th>
        <th
          class="kai"
        >
          Amount
        </th>
      </tr>
    </thead>
    <tbody>
      <tr
        data-testid="row-table-test-id"
      >
        <td
          class="avatar"
          data-label="Last Transaction"
          data-testid="td-undefined"
        >
          <div>
            <img
              alt="To the Moon"
              class="sc-bdfBwQ eWkXDZ tk-avatar"
              src="./images/default-avatar.svg"
            />
             To the Moon
          </div>
        </td>
        <td
          class="kai"
          data-label="Amount"
          data-testid="td-undefined"
        >
          <div>
            2700
            <svg
              class="icon"
              viewBox="0 0 32 32"
            >
              <path
                d="M9.451 5.76c0.973 0.012 1.76 0.798 1.771 1.77v7.755l10.043-9.085c0.127-0.102 0.272-0.191 0.427-0.261l0.013-0.005c0.217-0.105 0.473-0.166 0.742-0.166 0.001 0 0.002 0 0.003 0h-0c0.492 0.012 0.934 0.214 1.258 0.536l-0-0 0.002-0.002c0.037 0.033 0.071 0.067 0.103 0.102l0.001 0.001c0.255 0.305 0.41 0.701 0.41 1.134 0 0.346-0.099 0.669-0.271 0.942l0.004-0.007c-0.053 0.076-0.107 0.143-0.166 0.205l0.001-0.001c-0.068 0.080-0.141 0.151-0.221 0.215l-0.003 0.002-7.656 6.915 1.961 1.947 1.782-1.605c0.314-0.277 0.729-0.446 1.183-0.446 0.521 0 0.989 0.222 1.317 0.576l0.001 0.001c0.273 0.296 0.44 0.693 0.44 1.129 0 0.052-0.002 0.103-0.007 0.153l0-0.006c-0.029 0.48-0.248 0.904-0.583 1.201l-0.002 0.002-1.635 1.472 3.283 3.26 0.069 0.1 0.036 0.036c0.279 0.299 0.45 0.701 0.45 1.143 0 0.026-0.001 0.052-0.002 0.077l0-0.004c-0.012 0.472-0.21 0.895-0.524 1.201l-0 0c-0.284 0.291-0.671 0.48-1.102 0.508l-0.005 0c-0.041 0.003-0.089 0.005-0.137 0.005-0.37 0-0.713-0.112-0.998-0.305l0.006 0.004-0.061-0.048-0.028-0.026c-0.032-0.022-0.010-0.007-0.066-0.047-0.028-0.022-0.055-0.047-0.102-0.092l-3.453-3.443-1.782 1.605c-0.309 0.284-0.722 0.458-1.176 0.458-0.028 0-0.057-0.001-0.085-0.002l0.004 0c-0.487-0.008-0.922-0.224-1.222-0.562l-0.002-0.002c-0.277-0.314-0.446-0.729-0.446-1.184 0-0.52 0.222-0.989 0.576-1.316l0.001-0.001 1.64-1.477-1.952-1.946-2.070 1.876v4.73c0 0.003 0 0.006 0 0.010 0 0.974-0.789 1.763-1.763 1.763-0.491 0-0.935-0.201-1.255-0.524l-0-0c-0.324-0.313-0.525-0.752-0.525-1.237 0-0.004 0-0.008 0-0.011v0.001-17.254c0.012-0.973 0.798-1.76 1.77-1.771h0.001z"
                style="fill: hsl(0, 0%, 16%);"
              />
            </svg>
          </div>
        </td>
        <td
          class="menu"
          data-testid="table-action-menu"
        >
          <div
            class="sc-crrsfI cnURua"
          >
            <button
              aria-label=""
              class="sc-gsTCUz dQVqYO button"
              color="dark"
              data-testid="icon-button"
              value=""
            >
              <svg
                class="icon"
                viewBox="0 0 32 32"
              >
                <path
                  d="M16 10.667c1.473 0 2.667-1.194 2.667-2.667s-1.194-2.667-2.667-2.667c-1.473 0-2.666 1.194-2.667 2.666v0c0.004 1.471 1.196 2.662 2.666 2.667h0zM16 13.333c-1.473 0-2.667 1.194-2.667 2.667s1.194 2.667 2.667 2.667c1.473 0 2.667-1.194 2.667-2.667v0c-0.005-1.471-1.196-2.662-2.666-2.667h-0zM16 21.333c-1.473 0-2.667 1.194-2.667 2.667s1.194 2.667 2.667 2.667c1.473 0 2.667-1.194 2.667-2.667v0c-0.005-1.471-1.196-2.662-2.666-2.667h-0z"
                />
              </svg>
            </button>
          </div>
        </td>
      </tr>
    </tbody>
  </table>
</DocumentFragment>
`;
